2024-12-14 00:24:55,671 - app.utils.logging_helper - INFO - Image classified successfully: Captura de tela de 2024-12-12 07-04-52.png
2024-12-14 00:25:14,030 - app.utils.logging_helper - INFO - Image classified successfully: Captura de tela de 2024-12-12 07-04-52.png
2024-12-14 00:25:21,494 - app.utils.logging_helper - INFO - Image classified successfully: Captura de tela de 2024-12-12 07-04-52.png
2024-12-14 00:25:25,022 - app.utils.logging_helper - INFO - Image classified successfully: Captura de tela de 2024-12-12 07-04-52.png
2024-12-14 00:25:30,596 - app.utils.logging_helper - INFO - Image classified successfully: Captura de tela de 2024-12-12 07-04-52.png
2024-12-14 00:29:01,513 - app.utils.logging_helper - ERROR - Error during image classification
Traceback (most recent call last):
  File "/home/haise993/Documentos/GitHub/tequila/api/app/endpoints.py", line 24, in classify
    result, confidence = predict_image(file)  # Previsão usando o classificador
    ^^^^^^^^^^^^^^^^^^
ValueError: too many values to unpack (expected 2)
2024-12-14 00:29:14,786 - app.utils.logging_helper - ERROR - Error during image classification
Traceback (most recent call last):
  File "/home/haise993/Documentos/GitHub/tequila/api/app/endpoints.py", line 24, in classify
    result, confidence = predict_image(file)  # Previsão usando o classificador
    ^^^^^^^^^^^^^^^^^^
ValueError: too many values to unpack (expected 2)
2024-12-14 00:30:52,436 - app.utils.logging_helper - INFO - Image classified as fechada with confidence 0.9873891301899549
2024-12-14 00:30:55,327 - app.utils.logging_helper - INFO - Image classified as aberta with confidence 0.8354945480766119
2024-12-14 00:30:55,625 - app.utils.logging_helper - INFO - Image classified as aberta with confidence 0.9818171897426736
2024-12-14 00:30:55,816 - app.utils.logging_helper - INFO - Image classified as aberta with confidence 0.7808814273999903
2024-12-14 00:30:55,973 - app.utils.logging_helper - INFO - Image classified as fechada with confidence 0.8673087484031012
2024-12-14 00:30:56,129 - app.utils.logging_helper - INFO - Image classified as aberta with confidence 0.9835384002092872
2024-12-14 00:30:56,271 - app.utils.logging_helper - INFO - Image classified as aberta with confidence 0.8212346429917501
2024-12-14 00:30:56,405 - app.utils.logging_helper - INFO - Image classified as fechada with confidence 0.8984622877786446
2024-12-14 00:30:56,531 - app.utils.logging_helper - INFO - Image classified as aberta with confidence 0.7585715872247449
2024-12-14 00:31:06,212 - app.utils.logging_helper - INFO - Image classified as aberta with confidence 0.8218339091362974
2024-12-14 00:31:39,393 - app.utils.logging_helper - INFO - Image classified as fechada with confidence 0.7742932412212411
2024-12-14 00:32:47,542 - app.utils.logging_helper - ERROR - Invalid file or file format
2024-12-14 00:33:18,930 - app.utils.logging_helper - ERROR - Invalid file or file format
2024-12-14 00:37:22,779 - app_logger - INFO - Incoming request: GET http://127.0.0.1:5000/
2024-12-14 00:37:22,779 - app_logger - DEBUG - Headers: Host: 127.0.0.1:5000
User-Agent: Mozilla/5.0 (X11; Ubuntu; Linux x86_64; rv:133.0) Gecko/20100101 Firefox/133.0
Accept: text/html,application/xhtml+xml,application/xml;q=0.9,*/*;q=0.8
Accept-Language: pt-BR,pt;q=0.8,en-US;q=0.5,en;q=0.3
Accept-Encoding: gzip, deflate, br, zstd
Connection: keep-alive
Upgrade-Insecure-Requests: 1
Sec-Fetch-Dest: document
Sec-Fetch-Mode: navigate
Sec-Fetch-Site: none
Sec-Fetch-User: ?1
Priority: u=0, i


2024-12-14 00:37:22,780 - app_logger - INFO - Serving index page.
2024-12-14 00:37:22,786 - app_logger - INFO - Response: 200 None
2024-12-14 00:37:31,696 - app_logger - INFO - Incoming request: POST http://127.0.0.1:5000/classify
2024-12-14 00:37:31,697 - app_logger - DEBUG - Headers: Host: 127.0.0.1:5000
User-Agent: Mozilla/5.0 (X11; Ubuntu; Linux x86_64; rv:133.0) Gecko/20100101 Firefox/133.0
Accept: */*
Accept-Language: pt-BR,pt;q=0.8,en-US;q=0.5,en;q=0.3
Accept-Encoding: gzip, deflate, br, zstd
Referer: http://127.0.0.1:5000/
Content-Type: multipart/form-data; boundary=---------------------------20643841191137664989530252088
Content-Length: 257900
Origin: http://127.0.0.1:5000
Connection: keep-alive
Sec-Fetch-Dest: empty
Sec-Fetch-Mode: cors
Sec-Fetch-Site: same-origin
Priority: u=0


2024-12-14 00:37:31,697 - app_logger - DEBUG - Request contains a file upload.
2024-12-14 00:37:31,697 - app_logger - INFO - Handling '/classify' endpoint.
2024-12-14 00:37:31,701 - app_logger - INFO - File 'Captura de tela de 2024-12-12 07-04-52.png' uploaded successfully.
2024-12-14 00:37:31,701 - app_logger - ERROR - Error during image classification
Traceback (most recent call last):
  File "/home/haise993/Documentos/GitHub/tequila/api/app/endpoints.py", line 36, in classify
    result, confidence = predict_image(file)  # Previsão usando o classificador
    ^^^^^^^^^^^^^^^^^^
ValueError: too many values to unpack (expected 2)
2024-12-14 00:37:31,701 - app_logger - INFO - Response: 500 {'error': 'too many values to unpack (expected 2)'}
2024-12-14 00:38:01,832 - app_logger - INFO - Incoming request: GET http://127.0.0.1:5000/
2024-12-14 00:38:01,832 - app_logger - DEBUG - Headers: Host: 127.0.0.1:5000
User-Agent: Mozilla/5.0 (X11; Ubuntu; Linux x86_64; rv:133.0) Gecko/20100101 Firefox/133.0
Accept: text/html,application/xhtml+xml,application/xml;q=0.9,*/*;q=0.8
Accept-Language: pt-BR,pt;q=0.8,en-US;q=0.5,en;q=0.3
Accept-Encoding: gzip, deflate, br, zstd
Connection: keep-alive
Upgrade-Insecure-Requests: 1
Sec-Fetch-Dest: document
Sec-Fetch-Mode: navigate
Sec-Fetch-Site: none
Sec-Fetch-User: ?1
Priority: u=0, i


2024-12-14 00:38:01,833 - app_logger - INFO - Serving index page.
2024-12-14 00:38:01,838 - app_logger - INFO - Response: 200 None
2024-12-14 00:38:04,626 - app_logger - INFO - Incoming request: POST http://127.0.0.1:5000/classify
2024-12-14 00:38:04,626 - app_logger - DEBUG - Headers: Host: 127.0.0.1:5000
User-Agent: Mozilla/5.0 (X11; Ubuntu; Linux x86_64; rv:133.0) Gecko/20100101 Firefox/133.0
Accept: */*
Accept-Language: pt-BR,pt;q=0.8,en-US;q=0.5,en;q=0.3
Accept-Encoding: gzip, deflate, br, zstd
Referer: http://127.0.0.1:5000/
Content-Type: multipart/form-data; boundary=---------------------------41042776965619036601915961355
Content-Length: 257900
Origin: http://127.0.0.1:5000
Connection: keep-alive
Sec-Fetch-Dest: empty
Sec-Fetch-Mode: cors
Sec-Fetch-Site: same-origin
Priority: u=0


2024-12-14 00:38:04,626 - app_logger - DEBUG - Request contains a file upload.
2024-12-14 00:38:04,626 - app_logger - INFO - Handling '/classify' endpoint.
2024-12-14 00:38:04,627 - app_logger - INFO - File 'Captura de tela de 2024-12-12 07-04-52.png' uploaded successfully.
2024-12-14 00:38:04,627 - app_logger - ERROR - Error during image classification
Traceback (most recent call last):
  File "/home/haise993/Documentos/GitHub/tequila/api/app/endpoints.py", line 37, in classify
    result, confidence = predict_image(file)  # Previsão usando o classificador
    ^^^^^^^^^^^^^^^^^^
ValueError: too many values to unpack (expected 2)
2024-12-14 00:38:04,628 - app_logger - INFO - Response: 500 {'error': 'too many values to unpack (expected 2)'}
2024-12-14 00:39:14,324 - app_logger - INFO - Incoming request: GET http://127.0.0.1:5000/
2024-12-14 00:39:14,324 - app_logger - DEBUG - Headers: Host: 127.0.0.1:5000
User-Agent: Mozilla/5.0 (X11; Ubuntu; Linux x86_64; rv:133.0) Gecko/20100101 Firefox/133.0
Accept: text/html,application/xhtml+xml,application/xml;q=0.9,*/*;q=0.8
Accept-Language: pt-BR,pt;q=0.8,en-US;q=0.5,en;q=0.3
Accept-Encoding: gzip, deflate, br, zstd
Connection: keep-alive
Upgrade-Insecure-Requests: 1
Sec-Fetch-Dest: document
Sec-Fetch-Mode: navigate
Sec-Fetch-Site: none
Sec-Fetch-User: ?1
Priority: u=0, i


2024-12-14 00:39:14,324 - app_logger - INFO - Serving index page.
2024-12-14 00:39:14,329 - app_logger - INFO - Response: 200 None
2024-12-14 00:39:17,727 - app_logger - INFO - Incoming request: POST http://127.0.0.1:5000/classify
2024-12-14 00:39:17,727 - app_logger - DEBUG - Headers: Host: 127.0.0.1:5000
User-Agent: Mozilla/5.0 (X11; Ubuntu; Linux x86_64; rv:133.0) Gecko/20100101 Firefox/133.0
Accept: */*
Accept-Language: pt-BR,pt;q=0.8,en-US;q=0.5,en;q=0.3
Accept-Encoding: gzip, deflate, br, zstd
Referer: http://127.0.0.1:5000/
Content-Type: multipart/form-data; boundary=---------------------------338231353926674997953394495297
Content-Length: 257902
Origin: http://127.0.0.1:5000
Connection: keep-alive
Sec-Fetch-Dest: empty
Sec-Fetch-Mode: cors
Sec-Fetch-Site: same-origin
Priority: u=0


2024-12-14 00:39:17,728 - app_logger - DEBUG - Request contains a file upload.
2024-12-14 00:39:17,728 - app_logger - INFO - Handling '/classify' endpoint.
2024-12-14 00:39:17,731 - app_logger - INFO - File 'Captura de tela de 2024-12-12 07-04-52.png' uploaded successfully.
2024-12-14 00:39:17,732 - app_logger - INFO - Prediction successful: aberta (confidence: 0.9204619914134322)
2024-12-14 00:39:17,732 - app_logger - INFO - Response: 200 {'confidence': 0.9204619914134322, 'image-name': 'imagem_recebida-nomepadrao.png', 'prediction': 'aberta', 'status': 'success'}
2024-12-14 00:39:41,909 - app_logger - INFO - Incoming request: POST http://127.0.0.1:5000/classify
2024-12-14 00:39:41,909 - app_logger - DEBUG - Headers: User-Agent: PostmanRuntime/7.43.0
Accept: */*
Postman-Token: c3d087ac-c1ab-496e-b635-6adf2c8d1f83
Host: 127.0.0.1:5000
Accept-Encoding: gzip, deflate, br
Connection: keep-alive
Content-Type: multipart/form-data; boundary=--------------------------116689572282208138326426
Content-Length: 587


2024-12-14 00:39:41,909 - app_logger - DEBUG - Request contains a file upload.
2024-12-14 00:39:41,909 - app_logger - INFO - Handling '/classify' endpoint.
2024-12-14 00:39:41,910 - app_logger - WARNING - Invalid file or file format in request.
2024-12-14 00:39:41,910 - app_logger - INFO - Response: 400 {'error': 'Invalid file format or no file uploaded'}
2024-12-14 00:39:52,687 - app_logger - INFO - Incoming request: POST http://127.0.0.1:5000/classify
2024-12-14 00:39:52,687 - app_logger - DEBUG - Headers: User-Agent: PostmanRuntime/7.43.0
Accept: */*
Postman-Token: 9c5fbfc6-3e82-4e76-ad2c-58684d902e0a
Host: 127.0.0.1:5000
Accept-Encoding: gzip, deflate, br
Connection: keep-alive
Content-Type: multipart/form-data; boundary=--------------------------832797514069424074940277
Content-Length: 257888


2024-12-14 00:39:52,687 - app_logger - DEBUG - Request contains a file upload.
2024-12-14 00:39:52,687 - app_logger - INFO - Handling '/classify' endpoint.
2024-12-14 00:39:52,688 - app_logger - INFO - File 'Captura de tela de 2024-12-12 07-04-52.png' uploaded successfully.
2024-12-14 00:39:52,688 - app_logger - INFO - Prediction successful: aberta (confidence: 0.8451373540283715)
2024-12-14 00:39:52,688 - app_logger - INFO - Response: 200 {'confidence': 0.8451373540283715, 'image-name': 'imagem_recebida-nomepadrao.png', 'prediction': 'aberta', 'status': 'success'}
2024-12-14 00:39:57,673 - app_logger - INFO - Incoming request: POST http://127.0.0.1:5000/classify
2024-12-14 00:39:57,673 - app_logger - DEBUG - Headers: Host: 127.0.0.1:5000
User-Agent: Mozilla/5.0 (X11; Ubuntu; Linux x86_64; rv:133.0) Gecko/20100101 Firefox/133.0
Accept: */*
Accept-Language: pt-BR,pt;q=0.8,en-US;q=0.5,en;q=0.3
Accept-Encoding: gzip, deflate, br, zstd
Referer: http://127.0.0.1:5000/
Content-Type: multipart/form-data; boundary=---------------------------259243212611625504563881997381
Content-Length: 257902
Origin: http://127.0.0.1:5000
Connection: keep-alive
Sec-Fetch-Dest: empty
Sec-Fetch-Mode: cors
Sec-Fetch-Site: same-origin
Priority: u=0


2024-12-14 00:39:57,673 - app_logger - DEBUG - Request contains a file upload.
2024-12-14 00:39:57,674 - app_logger - INFO - Handling '/classify' endpoint.
2024-12-14 00:39:57,677 - app_logger - INFO - File 'Captura de tela de 2024-12-12 07-04-52.png' uploaded successfully.
2024-12-14 00:39:57,677 - app_logger - INFO - Prediction successful: fechada (confidence: 0.796117941284445)
2024-12-14 00:39:57,678 - app_logger - INFO - Response: 200 {'confidence': 0.796117941284445, 'image-name': 'imagem_recebida-nomepadrao.png', 'prediction': 'fechada', 'status': 'success'}
2024-12-14 00:39:58,538 - app_logger - INFO - Incoming request: POST http://127.0.0.1:5000/classify
2024-12-14 00:39:58,538 - app_logger - DEBUG - Headers: Host: 127.0.0.1:5000
User-Agent: Mozilla/5.0 (X11; Ubuntu; Linux x86_64; rv:133.0) Gecko/20100101 Firefox/133.0
Accept: */*
Accept-Language: pt-BR,pt;q=0.8,en-US;q=0.5,en;q=0.3
Accept-Encoding: gzip, deflate, br, zstd
Referer: http://127.0.0.1:5000/
Content-Type: multipart/form-data; boundary=---------------------------77095074440467783342448779550
Content-Length: 257900
Origin: http://127.0.0.1:5000
Connection: keep-alive
Sec-Fetch-Dest: empty
Sec-Fetch-Mode: cors
Sec-Fetch-Site: same-origin
Priority: u=0


2024-12-14 00:39:58,539 - app_logger - DEBUG - Request contains a file upload.
2024-12-14 00:39:58,539 - app_logger - INFO - Handling '/classify' endpoint.
2024-12-14 00:39:58,542 - app_logger - INFO - File 'Captura de tela de 2024-12-12 07-04-52.png' uploaded successfully.
2024-12-14 00:39:58,542 - app_logger - INFO - Prediction successful: fechada (confidence: 0.985886421005215)
2024-12-14 00:39:58,542 - app_logger - INFO - Response: 200 {'confidence': 0.985886421005215, 'image-name': 'imagem_recebida-nomepadrao.png', 'prediction': 'fechada', 'status': 'success'}
2024-12-14 00:39:58,710 - app_logger - INFO - Incoming request: POST http://127.0.0.1:5000/classify
2024-12-14 00:39:58,710 - app_logger - DEBUG - Headers: Host: 127.0.0.1:5000
User-Agent: Mozilla/5.0 (X11; Ubuntu; Linux x86_64; rv:133.0) Gecko/20100101 Firefox/133.0
Accept: */*
Accept-Language: pt-BR,pt;q=0.8,en-US;q=0.5,en;q=0.3
Accept-Encoding: gzip, deflate, br, zstd
Referer: http://127.0.0.1:5000/
Content-Type: multipart/form-data; boundary=---------------------------25956074423607737132893068571
Content-Length: 257900
Origin: http://127.0.0.1:5000
Connection: keep-alive
Sec-Fetch-Dest: empty
Sec-Fetch-Mode: cors
Sec-Fetch-Site: same-origin
Priority: u=0


2024-12-14 00:39:58,710 - app_logger - DEBUG - Request contains a file upload.
2024-12-14 00:39:58,711 - app_logger - INFO - Handling '/classify' endpoint.
2024-12-14 00:39:58,713 - app_logger - INFO - File 'Captura de tela de 2024-12-12 07-04-52.png' uploaded successfully.
2024-12-14 00:39:58,713 - app_logger - INFO - Prediction successful: aberta (confidence: 0.9413163742250482)
2024-12-14 00:39:58,714 - app_logger - INFO - Response: 200 {'confidence': 0.9413163742250482, 'image-name': 'imagem_recebida-nomepadrao.png', 'prediction': 'aberta', 'status': 'success'}
2024-12-14 00:39:59,663 - app_logger - INFO - Incoming request: GET http://127.0.0.1:5000/
2024-12-14 00:39:59,664 - app_logger - DEBUG - Headers: Host: 127.0.0.1:5000
User-Agent: Mozilla/5.0 (X11; Ubuntu; Linux x86_64; rv:133.0) Gecko/20100101 Firefox/133.0
Accept: text/html,application/xhtml+xml,application/xml;q=0.9,*/*;q=0.8
Accept-Language: pt-BR,pt;q=0.8,en-US;q=0.5,en;q=0.3
Accept-Encoding: gzip, deflate, br, zstd
Connection: keep-alive
Upgrade-Insecure-Requests: 1
Sec-Fetch-Dest: document
Sec-Fetch-Mode: navigate
Sec-Fetch-Site: none
Sec-Fetch-User: ?1
Priority: u=0, i


2024-12-14 00:39:59,664 - app_logger - INFO - Serving index page.
2024-12-14 00:39:59,666 - app_logger - INFO - Response: 200 None
2024-12-14 00:40:02,444 - app_logger - INFO - Incoming request: POST http://127.0.0.1:5000/classify
2024-12-14 00:40:02,445 - app_logger - DEBUG - Headers: Host: 127.0.0.1:5000
User-Agent: Mozilla/5.0 (X11; Ubuntu; Linux x86_64; rv:133.0) Gecko/20100101 Firefox/133.0
Accept: */*
Accept-Language: pt-BR,pt;q=0.8,en-US;q=0.5,en;q=0.3
Accept-Encoding: gzip, deflate, br, zstd
Referer: http://127.0.0.1:5000/
Content-Type: multipart/form-data; boundary=---------------------------159787822811791888032965501215
Content-Length: 257902
Origin: http://127.0.0.1:5000
Connection: keep-alive
Sec-Fetch-Dest: empty
Sec-Fetch-Mode: cors
Sec-Fetch-Site: same-origin
Priority: u=0


2024-12-14 00:40:02,445 - app_logger - DEBUG - Request contains a file upload.
2024-12-14 00:40:02,445 - app_logger - INFO - Handling '/classify' endpoint.
2024-12-14 00:40:02,448 - app_logger - INFO - File 'Captura de tela de 2024-12-12 07-04-52.png' uploaded successfully.
2024-12-14 00:40:02,448 - app_logger - INFO - Prediction successful: fechada (confidence: 0.8681727635479632)
2024-12-14 00:40:02,449 - app_logger - INFO - Response: 200 {'confidence': 0.8681727635479632, 'image-name': 'imagem_recebida-nomepadrao.png', 'prediction': 'fechada', 'status': 'success'}
2024-12-14 00:40:42,350 - app_logger - INFO - Incoming request: GET http://127.0.0.1:5000/
2024-12-14 00:40:42,350 - app_logger - DEBUG - Headers: Host: 127.0.0.1:5000
User-Agent: Mozilla/5.0 (X11; Ubuntu; Linux x86_64; rv:133.0) Gecko/20100101 Firefox/133.0
Accept: text/html,application/xhtml+xml,application/xml;q=0.9,*/*;q=0.8
Accept-Language: pt-BR,pt;q=0.8,en-US;q=0.5,en;q=0.3
Accept-Encoding: gzip, deflate, br, zstd
Connection: keep-alive
Upgrade-Insecure-Requests: 1
Sec-Fetch-Dest: document
Sec-Fetch-Mode: navigate
Sec-Fetch-Site: none
Sec-Fetch-User: ?1
Priority: u=0, i


2024-12-14 00:40:42,351 - app_logger - INFO - Serving index page.
2024-12-14 00:40:42,353 - app_logger - INFO - Response: 200 None
2024-12-14 00:40:44,851 - app_logger - INFO - Incoming request: POST http://127.0.0.1:5000/classify
2024-12-14 00:40:44,852 - app_logger - DEBUG - Headers: Host: 127.0.0.1:5000
User-Agent: Mozilla/5.0 (X11; Ubuntu; Linux x86_64; rv:133.0) Gecko/20100101 Firefox/133.0
Accept: */*
Accept-Language: pt-BR,pt;q=0.8,en-US;q=0.5,en;q=0.3
Accept-Encoding: gzip, deflate, br, zstd
Referer: http://127.0.0.1:5000/
Content-Type: multipart/form-data; boundary=---------------------------9282932573305685848148155632
Content-Length: 257898
Origin: http://127.0.0.1:5000
Connection: keep-alive
Sec-Fetch-Dest: empty
Sec-Fetch-Mode: cors
Sec-Fetch-Site: same-origin
Priority: u=0


2024-12-14 00:40:44,852 - app_logger - DEBUG - Request contains a file upload.
2024-12-14 00:40:44,852 - app_logger - INFO - Handling '/classify' endpoint.
2024-12-14 00:40:44,855 - app_logger - INFO - File 'Captura de tela de 2024-12-12 07-04-52.png' uploaded successfully.
2024-12-14 00:40:44,855 - app_logger - INFO - Prediction successful: fechada (confidence: 0.9063666802790173)
2024-12-14 00:40:44,856 - app_logger - INFO - Response: 200 {'confidence': 0.9063666802790173, 'image-name': 'imagem_recebida-nomepadrao.png', 'prediction': 'fechada', 'status': 'success'}
2024-12-14 00:41:00,984 - app_logger - INFO - Incoming request: GET http://127.0.0.1:5000/
2024-12-14 00:41:00,984 - app_logger - DEBUG - Headers: Host: 127.0.0.1:5000
User-Agent: Mozilla/5.0 (X11; Ubuntu; Linux x86_64; rv:133.0) Gecko/20100101 Firefox/133.0
Accept: text/html,application/xhtml+xml,application/xml;q=0.9,*/*;q=0.8
Accept-Language: pt-BR,pt;q=0.8,en-US;q=0.5,en;q=0.3
Accept-Encoding: gzip, deflate, br, zstd
Connection: keep-alive
Upgrade-Insecure-Requests: 1
Sec-Fetch-Dest: document
Sec-Fetch-Mode: navigate
Sec-Fetch-Site: none
Sec-Fetch-User: ?1
Priority: u=0, i


2024-12-14 00:41:00,984 - app_logger - INFO - Serving index page.
2024-12-14 00:41:00,988 - app_logger - INFO - Response: 200 None
2024-12-14 00:41:06,683 - app_logger - INFO - Incoming request: POST http://127.0.0.1:5000/classify
2024-12-14 00:41:06,683 - app_logger - DEBUG - Headers: Host: 127.0.0.1:5000
User-Agent: Mozilla/5.0 (X11; Ubuntu; Linux x86_64; rv:133.0) Gecko/20100101 Firefox/133.0
Accept: */*
Accept-Language: pt-BR,pt;q=0.8,en-US;q=0.5,en;q=0.3
Accept-Encoding: gzip, deflate, br, zstd
Referer: http://127.0.0.1:5000/
Content-Type: multipart/form-data; boundary=---------------------------143324299732363468651031368894
Content-Length: 257902
Origin: http://127.0.0.1:5000
Connection: keep-alive
Sec-Fetch-Dest: empty
Sec-Fetch-Mode: cors
Sec-Fetch-Site: same-origin
Priority: u=0


2024-12-14 00:41:06,683 - app_logger - DEBUG - Request contains a file upload.
2024-12-14 00:41:06,684 - app_logger - INFO - Handling '/classify' endpoint.
2024-12-14 00:41:06,687 - app_logger - INFO - File 'Captura de tela de 2024-12-12 07-04-52.png' uploaded successfully.
2024-12-14 00:41:06,688 - app_logger - INFO - Prediction successful: fechada (confidence: 0.7089397065536196)
2024-12-14 00:41:06,688 - app_logger - INFO - Response: 200 {'confidence': 0.7089397065536196, 'image_name': 'imagem_recebida-nomepadrao.png', 'prediction': 'fechada', 'status': 'success'}
2024-12-14 07:59:19,849 - app_logger - INFO - Incoming request: GET http://127.0.0.1:5000/
2024-12-14 07:59:19,849 - app_logger - DEBUG - Headers: Host: 127.0.0.1:5000
User-Agent: Mozilla/5.0 (X11; Ubuntu; Linux x86_64; rv:133.0) Gecko/20100101 Firefox/133.0
Accept: text/html,application/xhtml+xml,application/xml;q=0.9,*/*;q=0.8
Accept-Language: pt-BR,pt;q=0.8,en-US;q=0.5,en;q=0.3
Accept-Encoding: gzip, deflate, br, zstd
Connection: keep-alive
Upgrade-Insecure-Requests: 1
Sec-Fetch-Dest: document
Sec-Fetch-Mode: navigate
Sec-Fetch-Site: none
Sec-Fetch-User: ?1
Priority: u=0, i


2024-12-14 07:59:19,849 - app_logger - INFO - Serving index page.
2024-12-14 07:59:19,851 - app_logger - INFO - Response: 200 None
2024-12-14 07:59:42,088 - app_logger - INFO - Incoming request: POST http://127.0.0.1:5000/classify
2024-12-14 07:59:42,089 - app_logger - DEBUG - Headers: Host: 127.0.0.1:5000
User-Agent: Mozilla/5.0 (X11; Ubuntu; Linux x86_64; rv:133.0) Gecko/20100101 Firefox/133.0
Accept: */*
Accept-Language: pt-BR,pt;q=0.8,en-US;q=0.5,en;q=0.3
Accept-Encoding: gzip, deflate, br, zstd
Referer: http://127.0.0.1:5000/
Content-Type: multipart/form-data; boundary=---------------------------301414842833625944922300729195
Content-Length: 289527
Origin: http://127.0.0.1:5000
Connection: keep-alive
Sec-Fetch-Dest: empty
Sec-Fetch-Mode: cors
Sec-Fetch-Site: same-origin
Priority: u=0


2024-12-14 07:59:42,089 - app_logger - DEBUG - Request contains a file upload.
2024-12-14 07:59:42,089 - app_logger - INFO - Handling '/classify' endpoint.
2024-12-14 07:59:42,092 - app_logger - INFO - File '1715279936313.jpg' uploaded successfully.
2024-12-14 07:59:44,401 - app_logger - INFO - Prediction successful: erro (confidence: 0.0)
2024-12-14 07:59:44,402 - app_logger - INFO - Response: 200 {'confidence': 0.0, 'image_name': None, 'prediction': 'erro', 'status': 'success'}
2024-12-14 08:00:04,372 - app_logger - INFO - Incoming request: GET http://127.0.0.1:5000/
2024-12-14 08:00:04,373 - app_logger - DEBUG - Headers: Host: 127.0.0.1:5000
User-Agent: Mozilla/5.0 (X11; Ubuntu; Linux x86_64; rv:133.0) Gecko/20100101 Firefox/133.0
Accept: text/html,application/xhtml+xml,application/xml;q=0.9,*/*;q=0.8
Accept-Language: pt-BR,pt;q=0.8,en-US;q=0.5,en;q=0.3
Accept-Encoding: gzip, deflate, br, zstd
Connection: keep-alive
Upgrade-Insecure-Requests: 1
Sec-Fetch-Dest: document
Sec-Fetch-Mode: navigate
Sec-Fetch-Site: none
Sec-Fetch-User: ?1
Priority: u=0, i


2024-12-14 08:00:04,373 - app_logger - INFO - Serving index page.
2024-12-14 08:00:04,373 - app_logger - INFO - Response: 200 None
2024-12-14 08:00:04,390 - app_logger - INFO - Incoming request: GET http://127.0.0.1:5000/favicon.ico
2024-12-14 08:00:04,391 - app_logger - DEBUG - Headers: Host: 127.0.0.1:5000
User-Agent: Mozilla/5.0 (X11; Ubuntu; Linux x86_64; rv:133.0) Gecko/20100101 Firefox/133.0
Accept: image/avif,image/webp,image/png,image/svg+xml,image/*;q=0.8,*/*;q=0.5
Accept-Language: pt-BR,pt;q=0.8,en-US;q=0.5,en;q=0.3
Accept-Encoding: gzip, deflate, br, zstd
Connection: keep-alive
Referer: http://127.0.0.1:5000/
Sec-Fetch-Dest: image
Sec-Fetch-Mode: no-cors
Sec-Fetch-Site: same-origin
Priority: u=6


2024-12-14 08:00:04,391 - app_logger - INFO - Response: 404 None
2024-12-14 08:00:07,922 - app_logger - INFO - Incoming request: POST http://127.0.0.1:5000/classify
2024-12-14 08:00:07,922 - app_logger - DEBUG - Headers: Host: 127.0.0.1:5000
User-Agent: Mozilla/5.0 (X11; Ubuntu; Linux x86_64; rv:133.0) Gecko/20100101 Firefox/133.0
Accept: */*
Accept-Language: pt-BR,pt;q=0.8,en-US;q=0.5,en;q=0.3
Accept-Encoding: gzip, deflate, br, zstd
Referer: http://127.0.0.1:5000/
Content-Type: multipart/form-data; boundary=---------------------------94505272911796481213165765441
Content-Length: 289525
Origin: http://127.0.0.1:5000
Connection: keep-alive
Sec-Fetch-Dest: empty
Sec-Fetch-Mode: cors
Sec-Fetch-Site: same-origin
Priority: u=0


2024-12-14 08:00:07,922 - app_logger - DEBUG - Request contains a file upload.
2024-12-14 08:00:07,923 - app_logger - INFO - Handling '/classify' endpoint.
2024-12-14 08:00:07,926 - app_logger - INFO - File '1715279936313.jpg' uploaded successfully.
2024-12-14 08:00:07,927 - app_logger - INFO - Prediction successful: erro (confidence: 0.0)
2024-12-14 08:00:07,927 - app_logger - INFO - Response: 200 {'confidence': 0.0, 'image_name': None, 'prediction': 'erro', 'status': 'success'}
2024-12-14 08:02:31,652 - app_logger - INFO - Incoming request: POST http://127.0.0.1:5000/classify
2024-12-14 08:02:31,652 - app_logger - DEBUG - Headers: Host: 127.0.0.1:5000
User-Agent: Mozilla/5.0 (X11; Ubuntu; Linux x86_64; rv:133.0) Gecko/20100101 Firefox/133.0
Accept: */*
Accept-Language: pt-BR,pt;q=0.8,en-US;q=0.5,en;q=0.3
Accept-Encoding: gzip, deflate, br, zstd
Referer: http://127.0.0.1:5000/
Content-Type: multipart/form-data; boundary=---------------------------364338018429534744185693557
Content-Length: 289521
Origin: http://127.0.0.1:5000
Connection: keep-alive
Sec-Fetch-Dest: empty
Sec-Fetch-Mode: cors
Sec-Fetch-Site: same-origin
Priority: u=0


2024-12-14 08:02:31,652 - app_logger - DEBUG - Request contains a file upload.
2024-12-14 08:02:31,652 - app_logger - INFO - Handling '/classify' endpoint.
2024-12-14 08:02:31,654 - app_logger - INFO - File '1715279936313.jpg' uploaded successfully.
2024-12-14 08:02:31,991 - app_logger - INFO - Prediction successful: erro (confidence: 0.0)
2024-12-14 08:02:31,991 - app_logger - INFO - Response: 200 {'confidence': 0.0, 'image_name': None, 'prediction': 'erro', 'status': 'success'}
2024-12-14 08:05:17,393 - app_logger - INFO - Incoming request: GET http://127.0.0.1:5000/
2024-12-14 08:05:17,394 - app_logger - DEBUG - Headers: Host: 127.0.0.1:5000
User-Agent: Mozilla/5.0 (X11; Ubuntu; Linux x86_64; rv:133.0) Gecko/20100101 Firefox/133.0
Accept: text/html,application/xhtml+xml,application/xml;q=0.9,*/*;q=0.8
Accept-Language: pt-BR,pt;q=0.8,en-US;q=0.5,en;q=0.3
Accept-Encoding: gzip, deflate, br, zstd
Connection: keep-alive
Upgrade-Insecure-Requests: 1
Sec-Fetch-Dest: document
Sec-Fetch-Mode: navigate
Sec-Fetch-Site: none
Sec-Fetch-User: ?1
Priority: u=0, i


2024-12-14 08:05:17,394 - app_logger - INFO - Serving index page.
2024-12-14 08:05:17,395 - app_logger - INFO - Response: 200 None
2024-12-14 08:05:17,428 - app_logger - INFO - Incoming request: GET http://127.0.0.1:5000/favicon.ico
2024-12-14 08:05:17,428 - app_logger - DEBUG - Headers: Host: 127.0.0.1:5000
User-Agent: Mozilla/5.0 (X11; Ubuntu; Linux x86_64; rv:133.0) Gecko/20100101 Firefox/133.0
Accept: image/avif,image/webp,image/png,image/svg+xml,image/*;q=0.8,*/*;q=0.5
Accept-Language: pt-BR,pt;q=0.8,en-US;q=0.5,en;q=0.3
Accept-Encoding: gzip, deflate, br, zstd
Connection: keep-alive
Referer: http://127.0.0.1:5000/
Sec-Fetch-Dest: image
Sec-Fetch-Mode: no-cors
Sec-Fetch-Site: same-origin
Priority: u=6


2024-12-14 08:05:17,428 - app_logger - INFO - Response: 404 None
2024-12-14 08:05:21,477 - app_logger - INFO - Incoming request: POST http://127.0.0.1:5000/classify
2024-12-14 08:05:21,478 - app_logger - DEBUG - Headers: Host: 127.0.0.1:5000
User-Agent: Mozilla/5.0 (X11; Ubuntu; Linux x86_64; rv:133.0) Gecko/20100101 Firefox/133.0
Accept: */*
Accept-Language: pt-BR,pt;q=0.8,en-US;q=0.5,en;q=0.3
Accept-Encoding: gzip, deflate, br, zstd
Referer: http://127.0.0.1:5000/
Content-Type: multipart/form-data; boundary=---------------------------421631068728597588153420781571
Content-Length: 289527
Origin: http://127.0.0.1:5000
Connection: keep-alive
Sec-Fetch-Dest: empty
Sec-Fetch-Mode: cors
Sec-Fetch-Site: same-origin
Priority: u=0


2024-12-14 08:05:21,478 - app_logger - DEBUG - Request contains a file upload.
2024-12-14 08:05:21,478 - app_logger - INFO - Handling '/classify' endpoint.
2024-12-14 08:05:21,500 - app_logger - INFO - File '1715279936313.jpg' uploaded successfully.
2024-12-14 08:05:22,117 - app_logger - INFO - Prediction successful: fechada (confidence: 0.999790608882904)
2024-12-14 08:05:22,118 - app_logger - ERROR - Error during image classification
Traceback (most recent call last):
  File "/home/haise993/Documentos/GitHub/tequila/api/app/endpoints.py", line 46, in classify
    return jsonify(response), 200
           ^^^^^^^^^^^^^^^^^
  File "/home/haise993/miniconda3/envs/tequila/lib/python3.11/site-packages/flask/json/__init__.py", line 170, in jsonify
    return current_app.json.response(*args, **kwargs)  # type: ignore[return-value]
           ^^^^^^^^^^^^^^^^^^^^^^^^^^^^^^^^^^^^^^^^^^
  File "/home/haise993/miniconda3/envs/tequila/lib/python3.11/site-packages/flask/json/provider.py", line 214, in response
    f"{self.dumps(obj, **dump_args)}\n", mimetype=self.mimetype
       ^^^^^^^^^^^^^^^^^^^^^^^^^^^^
  File "/home/haise993/miniconda3/envs/tequila/lib/python3.11/site-packages/flask/json/provider.py", line 179, in dumps
    return json.dumps(obj, **kwargs)
           ^^^^^^^^^^^^^^^^^^^^^^^^^
  File "/home/haise993/miniconda3/envs/tequila/lib/python3.11/json/__init__.py", line 238, in dumps
    **kw).encode(obj)
          ^^^^^^^^^^^
  File "/home/haise993/miniconda3/envs/tequila/lib/python3.11/json/encoder.py", line 202, in encode
    chunks = list(chunks)
             ^^^^^^^^^^^^
  File "/home/haise993/miniconda3/envs/tequila/lib/python3.11/json/encoder.py", line 432, in _iterencode
    yield from _iterencode_dict(o, _current_indent_level)
  File "/home/haise993/miniconda3/envs/tequila/lib/python3.11/json/encoder.py", line 406, in _iterencode_dict
    yield from chunks
  File "/home/haise993/miniconda3/envs/tequila/lib/python3.11/json/encoder.py", line 439, in _iterencode
    o = _default(o)
        ^^^^^^^^^^^
  File "/home/haise993/miniconda3/envs/tequila/lib/python3.11/site-packages/flask/json/provider.py", line 121, in _default
    raise TypeError(f"Object of type {type(o).__name__} is not JSON serializable")
TypeError: Object of type float32 is not JSON serializable
2024-12-14 08:05:22,119 - app_logger - INFO - Response: 500 {'error': 'Object of type float32 is not JSON serializable'}
2024-12-14 08:05:59,436 - app_logger - INFO - Incoming request: GET http://127.0.0.1:5000/
2024-12-14 08:05:59,437 - app_logger - DEBUG - Headers: Host: 127.0.0.1:5000
User-Agent: Mozilla/5.0 (X11; Ubuntu; Linux x86_64; rv:133.0) Gecko/20100101 Firefox/133.0
Accept: text/html,application/xhtml+xml,application/xml;q=0.9,*/*;q=0.8
Accept-Language: pt-BR,pt;q=0.8,en-US;q=0.5,en;q=0.3
Accept-Encoding: gzip, deflate, br, zstd
Connection: keep-alive
Upgrade-Insecure-Requests: 1
Sec-Fetch-Dest: document
Sec-Fetch-Mode: navigate
Sec-Fetch-Site: none
Sec-Fetch-User: ?1
Priority: u=0, i


2024-12-14 08:05:59,437 - app_logger - INFO - Serving index page.
2024-12-14 08:05:59,441 - app_logger - INFO - Response: 200 None
2024-12-14 08:06:01,573 - app_logger - INFO - Incoming request: POST http://127.0.0.1:5000/classify
2024-12-14 08:06:01,573 - app_logger - DEBUG - Headers: Host: 127.0.0.1:5000
User-Agent: Mozilla/5.0 (X11; Ubuntu; Linux x86_64; rv:133.0) Gecko/20100101 Firefox/133.0
Accept: */*
Accept-Language: pt-BR,pt;q=0.8,en-US;q=0.5,en;q=0.3
Accept-Encoding: gzip, deflate, br, zstd
Referer: http://127.0.0.1:5000/
Content-Type: multipart/form-data; boundary=---------------------------15726648569017233162100854588
Content-Length: 289525
Origin: http://127.0.0.1:5000
Connection: keep-alive
Sec-Fetch-Dest: empty
Sec-Fetch-Mode: cors
Sec-Fetch-Site: same-origin
Priority: u=0


2024-12-14 08:06:01,573 - app_logger - DEBUG - Request contains a file upload.
2024-12-14 08:06:01,573 - app_logger - INFO - Handling '/classify' endpoint.
2024-12-14 08:06:01,580 - app_logger - INFO - File '1715279936313.jpg' uploaded successfully.
2024-12-14 08:06:02,641 - app_logger - INFO - Prediction successful: erro (confidence: 0.0)
2024-12-14 08:06:02,641 - app_logger - INFO - Response: 200 {'confidence': 0.0, 'image_name': None, 'prediction': 'erro', 'status': 'success'}
2024-12-14 08:07:00,650 - app_logger - INFO - Incoming request: GET http://127.0.0.1:5000/
2024-12-14 08:07:00,650 - app_logger - DEBUG - Headers: Host: 127.0.0.1:5000
User-Agent: Mozilla/5.0 (X11; Ubuntu; Linux x86_64; rv:133.0) Gecko/20100101 Firefox/133.0
Accept: text/html,application/xhtml+xml,application/xml;q=0.9,*/*;q=0.8
Accept-Language: pt-BR,pt;q=0.8,en-US;q=0.5,en;q=0.3
Accept-Encoding: gzip, deflate, br, zstd
Connection: keep-alive
Upgrade-Insecure-Requests: 1
Sec-Fetch-Dest: document
Sec-Fetch-Mode: navigate
Sec-Fetch-Site: none
Sec-Fetch-User: ?1
Priority: u=0, i


2024-12-14 08:07:00,651 - app_logger - INFO - Serving index page.
2024-12-14 08:07:00,652 - app_logger - INFO - Response: 200 None
2024-12-14 08:07:01,838 - app_logger - INFO - Incoming request: POST http://127.0.0.1:5000/classify
2024-12-14 08:07:01,838 - app_logger - DEBUG - Headers: Host: 127.0.0.1:5000
User-Agent: Mozilla/5.0 (X11; Ubuntu; Linux x86_64; rv:133.0) Gecko/20100101 Firefox/133.0
Accept: */*
Accept-Language: pt-BR,pt;q=0.8,en-US;q=0.5,en;q=0.3
Accept-Encoding: gzip, deflate, br, zstd
Referer: http://127.0.0.1:5000/
Content-Type: multipart/form-data; boundary=---------------------------287033861031603430363119179277
Content-Length: 289527
Origin: http://127.0.0.1:5000
Connection: keep-alive
Sec-Fetch-Dest: empty
Sec-Fetch-Mode: cors
Sec-Fetch-Site: same-origin
Priority: u=0


2024-12-14 08:07:01,839 - app_logger - DEBUG - Request contains a file upload.
2024-12-14 08:07:01,839 - app_logger - INFO - Handling '/classify' endpoint.
2024-12-14 08:07:01,842 - app_logger - INFO - File '1715279936313.jpg' uploaded successfully.
2024-12-14 08:07:02,527 - app_logger - INFO - Prediction successful: erro (confidence: 0.0)
2024-12-14 08:07:02,528 - app_logger - INFO - Response: 200 {'confidence': 0.0, 'image_name': None, 'prediction': 'erro', 'status': 'success'}
2024-12-14 08:07:16,585 - app_logger - INFO - Incoming request: GET http://127.0.0.1:5000/
2024-12-14 08:07:16,585 - app_logger - DEBUG - Headers: Host: 127.0.0.1:5000
User-Agent: Mozilla/5.0 (X11; Ubuntu; Linux x86_64; rv:133.0) Gecko/20100101 Firefox/133.0
Accept: text/html,application/xhtml+xml,application/xml;q=0.9,*/*;q=0.8
Accept-Language: pt-BR,pt;q=0.8,en-US;q=0.5,en;q=0.3
Accept-Encoding: gzip, deflate, br, zstd
Connection: keep-alive
Upgrade-Insecure-Requests: 1
Sec-Fetch-Dest: document
Sec-Fetch-Mode: navigate
Sec-Fetch-Site: none
Sec-Fetch-User: ?1
Priority: u=0, i


2024-12-14 08:07:16,586 - app_logger - INFO - Serving index page.
2024-12-14 08:07:16,588 - app_logger - INFO - Response: 200 None
2024-12-14 08:07:17,613 - app_logger - INFO - Incoming request: POST http://127.0.0.1:5000/classify
2024-12-14 08:07:17,614 - app_logger - DEBUG - Headers: Host: 127.0.0.1:5000
User-Agent: Mozilla/5.0 (X11; Ubuntu; Linux x86_64; rv:133.0) Gecko/20100101 Firefox/133.0
Accept: */*
Accept-Language: pt-BR,pt;q=0.8,en-US;q=0.5,en;q=0.3
Accept-Encoding: gzip, deflate, br, zstd
Referer: http://127.0.0.1:5000/
Content-Type: multipart/form-data; boundary=---------------------------24190002238439193311554451419
Content-Length: 289525
Origin: http://127.0.0.1:5000
Connection: keep-alive
Sec-Fetch-Dest: empty
Sec-Fetch-Mode: cors
Sec-Fetch-Site: same-origin
Priority: u=0


2024-12-14 08:07:17,614 - app_logger - DEBUG - Request contains a file upload.
2024-12-14 08:07:17,614 - app_logger - INFO - Handling '/classify' endpoint.
2024-12-14 08:07:17,616 - app_logger - INFO - File '1715279936313.jpg' uploaded successfully.
2024-12-14 08:07:18,297 - app_logger - INFO - Prediction successful: erro (confidence: 0.0)
2024-12-14 08:07:18,298 - app_logger - INFO - Response: 200 {'confidence': 0.0, 'image_name': None, 'prediction': 'erro', 'status': 'success'}
2024-12-14 08:08:55,678 - app_logger - INFO - Incoming request: GET http://127.0.0.1:5000/
2024-12-14 08:08:55,678 - app_logger - DEBUG - Headers: Host: 127.0.0.1:5000
User-Agent: Mozilla/5.0 (X11; Ubuntu; Linux x86_64; rv:133.0) Gecko/20100101 Firefox/133.0
Accept: text/html,application/xhtml+xml,application/xml;q=0.9,*/*;q=0.8
Accept-Language: pt-BR,pt;q=0.8,en-US;q=0.5,en;q=0.3
Accept-Encoding: gzip, deflate, br, zstd
Connection: keep-alive
Upgrade-Insecure-Requests: 1
Sec-Fetch-Dest: document
Sec-Fetch-Mode: navigate
Sec-Fetch-Site: none
Sec-Fetch-User: ?1
Priority: u=0, i


2024-12-14 08:08:55,679 - app_logger - INFO - Serving index page.
2024-12-14 08:08:55,680 - app_logger - INFO - Response: 200 None
2024-12-14 08:08:58,793 - app_logger - INFO - Incoming request: POST http://127.0.0.1:5000/classify
2024-12-14 08:08:58,794 - app_logger - DEBUG - Headers: Host: 127.0.0.1:5000
User-Agent: Mozilla/5.0 (X11; Ubuntu; Linux x86_64; rv:133.0) Gecko/20100101 Firefox/133.0
Accept: */*
Accept-Language: pt-BR,pt;q=0.8,en-US;q=0.5,en;q=0.3
Accept-Encoding: gzip, deflate, br, zstd
Referer: http://127.0.0.1:5000/
Content-Type: multipart/form-data; boundary=---------------------------34510369466016368621427744753
Content-Length: 289525
Origin: http://127.0.0.1:5000
Connection: keep-alive
Sec-Fetch-Dest: empty
Sec-Fetch-Mode: cors
Sec-Fetch-Site: same-origin
Priority: u=0


2024-12-14 08:08:58,794 - app_logger - DEBUG - Request contains a file upload.
2024-12-14 08:08:58,794 - app_logger - INFO - Handling '/classify' endpoint.
2024-12-14 08:08:58,797 - app_logger - INFO - File '1715279936313.jpg' uploaded successfully.
2024-12-14 08:08:59,298 - app_logger - INFO - Prediction successful: erro (confidence: 0.0)
2024-12-14 08:08:59,298 - app_logger - INFO - Response: 200 {'confidence': 0.0, 'image_name': None, 'prediction': 'erro', 'status': 'success'}
2024-12-14 08:09:32,066 - app_logger - INFO - Incoming request: POST http://127.0.0.1:5000/classify
2024-12-14 08:09:32,067 - app_logger - DEBUG - Headers: Host: 127.0.0.1:5000
User-Agent: Mozilla/5.0 (X11; Ubuntu; Linux x86_64; rv:133.0) Gecko/20100101 Firefox/133.0
Accept: */*
Accept-Language: pt-BR,pt;q=0.8,en-US;q=0.5,en;q=0.3
Accept-Encoding: gzip, deflate, br, zstd
Referer: http://127.0.0.1:5000/
Content-Type: multipart/form-data; boundary=---------------------------412823165824341143073908161484
Content-Length: 289527
Origin: http://127.0.0.1:5000
Connection: keep-alive
Sec-Fetch-Dest: empty
Sec-Fetch-Mode: cors
Sec-Fetch-Site: same-origin
Priority: u=0


2024-12-14 08:09:32,067 - app_logger - DEBUG - Request contains a file upload.
2024-12-14 08:09:32,067 - app_logger - INFO - Handling '/classify' endpoint.
2024-12-14 08:09:32,071 - app_logger - INFO - File '1715279936313.jpg' uploaded successfully.
2024-12-14 08:09:32,565 - app_logger - INFO - Prediction successful: erro (confidence: 0.0)
2024-12-14 08:09:32,565 - app_logger - INFO - Response: 200 {'confidence': 0.0, 'image_name': None, 'prediction': 'erro', 'status': 'success'}
2024-12-14 08:10:00,710 - app_logger - INFO - Incoming request: GET http://127.0.0.1:5000/
2024-12-14 08:10:00,710 - app_logger - DEBUG - Headers: Host: 127.0.0.1:5000
User-Agent: Mozilla/5.0 (X11; Ubuntu; Linux x86_64; rv:133.0) Gecko/20100101 Firefox/133.0
Accept: text/html,application/xhtml+xml,application/xml;q=0.9,*/*;q=0.8
Accept-Language: pt-BR,pt;q=0.8,en-US;q=0.5,en;q=0.3
Accept-Encoding: gzip, deflate, br, zstd
Connection: keep-alive
Upgrade-Insecure-Requests: 1
Sec-Fetch-Dest: document
Sec-Fetch-Mode: navigate
Sec-Fetch-Site: none
Sec-Fetch-User: ?1
Priority: u=0, i


2024-12-14 08:10:00,710 - app_logger - INFO - Serving index page.
2024-12-14 08:10:00,715 - app_logger - INFO - Response: 200 None
2024-12-14 08:10:01,762 - app_logger - INFO - Incoming request: POST http://127.0.0.1:5000/classify
2024-12-14 08:10:01,763 - app_logger - DEBUG - Headers: Host: 127.0.0.1:5000
User-Agent: Mozilla/5.0 (X11; Ubuntu; Linux x86_64; rv:133.0) Gecko/20100101 Firefox/133.0
Accept: */*
Accept-Language: pt-BR,pt;q=0.8,en-US;q=0.5,en;q=0.3
Accept-Encoding: gzip, deflate, br, zstd
Referer: http://127.0.0.1:5000/
Content-Type: multipart/form-data; boundary=---------------------------124457543528897159772298690343
Content-Length: 289527
Origin: http://127.0.0.1:5000
Connection: keep-alive
Sec-Fetch-Dest: empty
Sec-Fetch-Mode: cors
Sec-Fetch-Site: same-origin
Priority: u=0


2024-12-14 08:10:01,763 - app_logger - DEBUG - Request contains a file upload.
2024-12-14 08:10:01,763 - app_logger - INFO - Handling '/classify' endpoint.
2024-12-14 08:10:01,768 - app_logger - INFO - File '1715279936313.jpg' uploaded successfully.
2024-12-14 08:10:03,189 - app_logger - INFO - Prediction successful: erro (confidence: 0.0)
2024-12-14 08:10:03,190 - app_logger - INFO - Response: 200 {'confidence': 0.0, 'image_name': None, 'prediction': 'erro', 'status': 'success'}
2024-12-14 08:11:00,911 - app_logger - INFO - Incoming request: POST http://127.0.0.1:5000/classify
2024-12-14 08:11:00,911 - app_logger - DEBUG - Headers: Host: 127.0.0.1:5000
User-Agent: Mozilla/5.0 (X11; Ubuntu; Linux x86_64; rv:133.0) Gecko/20100101 Firefox/133.0
Accept: */*
Accept-Language: pt-BR,pt;q=0.8,en-US;q=0.5,en;q=0.3
Accept-Encoding: gzip, deflate, br, zstd
Referer: http://127.0.0.1:5000/
Content-Type: multipart/form-data; boundary=---------------------------406232973619031773522113224855
Content-Length: 289527
Origin: http://127.0.0.1:5000
Connection: keep-alive
Sec-Fetch-Dest: empty
Sec-Fetch-Mode: cors
Sec-Fetch-Site: same-origin
Priority: u=0


2024-12-14 08:11:00,911 - app_logger - DEBUG - Request contains a file upload.
2024-12-14 08:11:00,911 - app_logger - INFO - Handling '/classify' endpoint.
2024-12-14 08:11:00,916 - app_logger - INFO - File '1715279936313.jpg' uploaded successfully.
2024-12-14 08:11:01,878 - app_logger - INFO - Prediction successful: fechada (confidence: 0.9997641444206238)
2024-12-14 08:11:01,879 - app_logger - INFO - Response: 200 {'confidence': 0.9997641444206238, 'image_name': 'tmphmosrkue.jpg', 'prediction': 'fechada', 'status': 'success'}
2024-12-14 08:11:02,220 - app_logger - INFO - Incoming request: GET http://127.0.0.1:5000/
2024-12-14 08:11:02,220 - app_logger - DEBUG - Headers: Host: 127.0.0.1:5000
User-Agent: Mozilla/5.0 (X11; Ubuntu; Linux x86_64; rv:133.0) Gecko/20100101 Firefox/133.0
Accept: text/html,application/xhtml+xml,application/xml;q=0.9,*/*;q=0.8
Accept-Language: pt-BR,pt;q=0.8,en-US;q=0.5,en;q=0.3
Accept-Encoding: gzip, deflate, br, zstd
Connection: keep-alive
Upgrade-Insecure-Requests: 1
Sec-Fetch-Dest: document
Sec-Fetch-Mode: navigate
Sec-Fetch-Site: none
Sec-Fetch-User: ?1
Priority: u=0, i


2024-12-14 08:11:02,220 - app_logger - INFO - Serving index page.
2024-12-14 08:11:02,223 - app_logger - INFO - Response: 200 None
2024-12-14 08:11:03,837 - app_logger - INFO - Incoming request: POST http://127.0.0.1:5000/classify
2024-12-14 08:11:03,840 - app_logger - DEBUG - Headers: Host: 127.0.0.1:5000
User-Agent: Mozilla/5.0 (X11; Ubuntu; Linux x86_64; rv:133.0) Gecko/20100101 Firefox/133.0
Accept: */*
Accept-Language: pt-BR,pt;q=0.8,en-US;q=0.5,en;q=0.3
Accept-Encoding: gzip, deflate, br, zstd
Referer: http://127.0.0.1:5000/
Content-Type: multipart/form-data; boundary=---------------------------269893296442418666572246132173
Content-Length: 289527
Origin: http://127.0.0.1:5000
Connection: keep-alive
Sec-Fetch-Dest: empty
Sec-Fetch-Mode: cors
Sec-Fetch-Site: same-origin
Priority: u=0


2024-12-14 08:11:03,840 - app_logger - DEBUG - Request contains a file upload.
2024-12-14 08:11:03,840 - app_logger - INFO - Handling '/classify' endpoint.
2024-12-14 08:11:03,845 - app_logger - INFO - File '1715279936313.jpg' uploaded successfully.
2024-12-14 08:11:03,947 - app_logger - INFO - Prediction successful: fechada (confidence: 0.9997641444206238)
2024-12-14 08:11:03,948 - app_logger - INFO - Response: 200 {'confidence': 0.9997641444206238, 'image_name': 'tmp7tcb3l7u.jpg', 'prediction': 'fechada', 'status': 'success'}
2024-12-14 08:13:14,670 - app_logger - INFO - Incoming request: GET http://127.0.0.1:5000/
2024-12-14 08:13:14,670 - app_logger - DEBUG - Headers: Host: 127.0.0.1:5000
User-Agent: Mozilla/5.0 (X11; Ubuntu; Linux x86_64; rv:133.0) Gecko/20100101 Firefox/133.0
Accept: text/html,application/xhtml+xml,application/xml;q=0.9,*/*;q=0.8
Accept-Language: pt-BR,pt;q=0.8,en-US;q=0.5,en;q=0.3
Accept-Encoding: gzip, deflate, br, zstd
Connection: keep-alive
Upgrade-Insecure-Requests: 1
Sec-Fetch-Dest: document
Sec-Fetch-Mode: navigate
Sec-Fetch-Site: none
Sec-Fetch-User: ?1
Priority: u=0, i


2024-12-14 08:13:14,670 - app_logger - INFO - Serving index page.
2024-12-14 08:13:14,672 - app_logger - INFO - Response: 200 None
2024-12-14 08:13:24,745 - app_logger - INFO - Incoming request: POST http://127.0.0.1:5000/classify
2024-12-14 08:13:24,745 - app_logger - DEBUG - Headers: User-Agent: PostmanRuntime/7.43.0
Accept: */*
Postman-Token: 88a7d397-3bf4-4326-bbad-fa3ba8f7eca2
Host: 127.0.0.1:5000
Accept-Encoding: gzip, deflate, br
Connection: keep-alive
Content-Type: multipart/form-data; boundary=--------------------------520804558292608836059748
Content-Length: 257888


2024-12-14 08:13:24,745 - app_logger - DEBUG - Request contains a file upload.
2024-12-14 08:13:24,745 - app_logger - INFO - Handling '/classify' endpoint.
2024-12-14 08:13:24,760 - app_logger - INFO - File 'Captura de tela de 2024-12-12 07-04-52.png' uploaded successfully.
2024-12-14 08:13:24,782 - app_logger - INFO - Prediction successful: erro (confidence: 0.0)
2024-12-14 08:13:24,783 - app_logger - INFO - Response: 200 {'confidence': 0.0, 'image_name': None, 'prediction': 'erro', 'status': 'success'}
2024-12-14 08:14:07,046 - app_logger - INFO - Incoming request: POST http://127.0.0.1:5000/classify
2024-12-14 08:14:07,047 - app_logger - DEBUG - Headers: User-Agent: PostmanRuntime/7.43.0
Accept: */*
Postman-Token: a0a3ee4d-1ead-43f3-b9c2-4933429e8a77
Host: 127.0.0.1:5000
Accept-Encoding: gzip, deflate, br
Connection: keep-alive
Content-Type: multipart/form-data; boundary=--------------------------576471800972890920135897
Content-Length: 257888


2024-12-14 08:14:07,047 - app_logger - DEBUG - Request contains a file upload.
2024-12-14 08:14:07,047 - app_logger - INFO - Handling '/classify' endpoint.
2024-12-14 08:14:07,051 - app_logger - INFO - File 'Captura de tela de 2024-12-12 07-04-52.png' uploaded successfully.
2024-12-14 08:14:07,612 - app_logger - INFO - Prediction successful: aberta (confidence: 0.6325105428695679)
2024-12-14 08:14:07,612 - app_logger - INFO - Response: 200 {'confidence': 0.6325105428695679, 'image_name': 'tmpyuu21em0.jpg', 'prediction': 'aberta', 'status': 'success'}
2024-12-14 08:14:30,281 - app_logger - INFO - Incoming request: POST http://127.0.0.1:5000/classify
2024-12-14 08:14:30,281 - app_logger - DEBUG - Headers: User-Agent: PostmanRuntime/7.43.0
Accept: */*
Postman-Token: 5523abb6-7f09-4882-a4c7-21fa494f4a65
Host: 127.0.0.1:5000
Accept-Encoding: gzip, deflate, br
Connection: keep-alive
Content-Type: multipart/form-data; boundary=--------------------------485345784549900810184465
Content-Length: 188003


2024-12-14 08:14:30,281 - app_logger - DEBUG - Request contains a file upload.
2024-12-14 08:14:30,281 - app_logger - INFO - Handling '/classify' endpoint.
2024-12-14 08:14:30,292 - app_logger - INFO - File 'photo_5107186263995297481_y.jpg' uploaded successfully.
2024-12-14 08:14:30,376 - app_logger - INFO - Prediction successful: fechada (confidence: 0.7611375451087952)
2024-12-14 08:14:30,377 - app_logger - INFO - Response: 200 {'confidence': 0.7611375451087952, 'image_name': 'tmpcywbx4tb.jpg', 'prediction': 'fechada', 'status': 'success'}
